[24-Mar-2022 09:41:10 UTC] Enabled PHP logging
[24-Mar-2022 17:08:15 UTC] Enabled PHP logging
[25-Mar-2022 19:14:08 UTC] Enabled PHP logging
[27-Mar-2022 08:58:12 UTC] Enabled PHP logging
[27-Mar-2022 09:45:24 UTC] Enabled PHP logging
[08-Apr-2023 20:41:42 UTC] Enabled PHP logging
[08-Apr-2023 20:42:02 UTC] Enabled PHP logging
[23-Apr-2023 08:31:37 UTC] Enabled PHP logging
[14-Jun-2023 12:30:50 UTC] Enabled PHP logging
[14-Jun-2023 12:33:57 UTC] Enabled PHP logging
[26-Jun-2023 08:11:09 UTC] Enabled PHP logging
[26-Jun-2023 08:11:20 UTC] Enabled PHP logging
[26-Jun-2023 08:11:32 UTC] Enabled PHP logging
[26-Jun-2023 16:25:03 UTC] Enabled PHP logging
[26-Jun-2023 16:26:02 UTC] Enabled PHP logging
[26-Jun-2023 16:26:04 UTC] Enabled PHP logging
[26-Jun-2023 16:26:08 UTC] Enabled PHP logging
[26-Jun-2023 16:26:11 UTC] Enabled PHP logging
[26-Jun-2023 16:26:11 UTC] Enabled PHP logging
[26-Jun-2023 16:32:13 UTC] Enabled PHP logging
[26-Jun-2023 16:32:13 UTC] PHP Fatal error:  Uncaught \danog\MadelineProto\Exception: fopen(/opt/cpanel/ea-php81/root/usr/bin/MadelineProto.log): Failed to open stream: Read-only file system in /home/morteza2/public_html/selfo/vendor/danog/madelineproto/src/danog/MadelineProto/Logger.php:279

TL Trace:
<br>
initAsynchronously()<br>
<br>
Previous TL trace:<br>
<br>
exceptionErrorHandler()<br>
Logger.php(279):    	fopen()<br>
Logger.php(234):    	__construct()<br>
API.php(195):       	constructorFromSettings()<br>
internalInitAPI()<br>
Coroutine.php(71):  	current()<br>
Tools.php(458):     	__construct()<br>
AsyncConstruct.php(95):	call()<br>
API.php(174):       	setInitPromise()<br>
Serializable.php(35):	__magic_construct()<br>
entry.php(104):     	__construct()<br>
entry.php(134):     	{closure}()
  thrown in /home/morteza2/public_html/selfo/vendor/danog/madelineproto/src/danog/MadelineProto/Logger.php on line 279
[29-Jun-2023 21:07:36 UTC] Enabled PHP logging
[29-Jun-2023 21:12:38 UTC] Enabled PHP logging
[29-Jun-2023 21:29:37 UTC] Enabled PHP logging
[29-Jun-2023 21:49:05 UTC] Enabled PHP logging
[03-Jul-2023 17:52:18 UTC] Enabled PHP logging
[03-Jul-2023 17:52:18 UTC] Enabled PHP logging
[03-Jul-2023 17:52:18 UTC] Enabled PHP logging
[03-Jul-2023 17:53:03 UTC] Enabled PHP logging
[03-Jul-2023 17:53:05 UTC] Enabled PHP logging
[03-Jul-2023 17:53:06 UTC] Enabled PHP logging
[03-Jul-2023 17:53:09 UTC] Enabled PHP logging
[03-Jul-2023 17:53:11 UTC] Enabled PHP logging
[03-Jul-2023 17:53:12 UTC] Enabled PHP logging
[03-Jul-2023 17:53:14 UTC] Enabled PHP logging
[03-Jul-2023 17:53:15 UTC] Enabled PHP logging
[05-Jul-2023 09:18:04 UTC] Enabled PHP logging
[26-Aug-2023 18:31:21 UTC] Enabled PHP logging
[26-Aug-2023 18:31:32 UTC] Enabled PHP logging
